2026-07-16 02:54:10 - DEBUG - Attempting to acquire lock 1551864865680 on C:\Users\Naman\AppData\Local\moonshine_voice\moonshine_voice\Cache\download.moonshine.ai\model\medium-streaming-en\quantized\adapter.ort.lock
2026-07-16 02:54:10 - DEBUG - Lock 1551864865680 acquired on C:\Users\Naman\AppData\Local\moonshine_voice\moonshine_voice\Cache\download.moonshine.ai\model\medium-streaming-en\quantized\adapter.ort.lock
2026-07-16 02:54:10 - DEBUG - Attempting to release lock 1551864865680 on C:\Users\Naman\AppData\Local\moonshine_voice\moonshine_voice\Cache\download.moonshine.ai\model\medium-streaming-en\quantized\adapter.ort.lock
2026-07-16 02:54:10 - DEBUG - Lock 1551864865680 released on C:\Users\Naman\AppData\Local\moonshine_voice\moonshine_voice\Cache\download.moonshine.ai\model\medium-streaming-en\quantized\adapter.ort.lock
2026-07-16 02:54:10 - DEBUG - Attempting to acquire lock 1552380446192 on C:\Users\Naman\AppData\Local\moonshine_voice\moonshine_voice\Cache\download.moonshine.ai\model\medium-streaming-en\quantized\cross_kv.ort.lock
2026-07-16 02:54:10 - DEBUG - Lock 1552380446192 acquired on C:\Users\Naman\AppData\Local\moonshine_voice\moonshine_voice\Cache\download.moonshine.ai\model\medium-streaming-en\quantized\cross_kv.ort.lock
2026-07-16 02:54:10 - DEBUG - Attempting to release lock 1552380446192 on C:\Users\Naman\AppData\Local\moonshine_voice\moonshine_voice\Cache\download.moonshine.ai\model\medium-streaming-en\quantized\cross_kv.ort.lock
2026-07-16 02:54:10 - DEBUG - Lock 1552380446192 released on C:\Users\Naman\AppData\Local\moonshine_voice\moonshine_voice\Cache\download.moonshine.ai\model\medium-streaming-en\quantized\cross_kv.ort.lock
2026-07-16 02:54:10 - DEBUG - Attempting to acquire lock 1552380447056 on C:\Users\Naman\AppData\Local\moonshine_voice\moonshine_voice\Cache\download.moonshine.ai\model\medium-streaming-en\quantized\decoder_kv.ort.lock
2026-07-16 02:54:10 - DEBUG - Lock 1552380447056 acquired on C:\Users\Naman\AppData\Local\moonshine_voice\moonshine_voice\Cache\download.moonshine.ai\model\medium-streaming-en\quantized\decoder_kv.ort.lock
2026-07-16 02:54:10 - DEBUG - Attempting to release lock 1552380447056 on C:\Users\Naman\AppData\Local\moonshine_voice\moonshine_voice\Cache\download.moonshine.ai\model\medium-streaming-en\quantized\decoder_kv.ort.lock
2026-07-16 02:54:10 - DEBUG - Lock 1552380447056 released on C:\Users\Naman\AppData\Local\moonshine_voice\moonshine_voice\Cache\download.moonshine.ai\model\medium-streaming-en\quantized\decoder_kv.ort.lock
2026-07-16 02:54:10 - DEBUG - Attempting to acquire lock 1552380447776 on C:\Users\Naman\AppData\Local\moonshine_voice\moonshine_voice\Cache\download.moonshine.ai\model\medium-streaming-en\quantized\encoder.ort.lock
2026-07-16 02:54:10 - DEBUG - Lock 1552380447776 acquired on C:\Users\Naman\AppData\Local\moonshine_voice\moonshine_voice\Cache\download.moonshine.ai\model\medium-streaming-en\quantized\encoder.ort.lock
2026-07-16 02:54:10 - DEBUG - Attempting to release lock 1552380447776 on C:\Users\Naman\AppData\Local\moonshine_voice\moonshine_voice\Cache\download.moonshine.ai\model\medium-streaming-en\quantized\encoder.ort.lock
2026-07-16 02:54:10 - DEBUG - Lock 1552380447776 released on C:\Users\Naman\AppData\Local\moonshine_voice\moonshine_voice\Cache\download.moonshine.ai\model\medium-streaming-en\quantized\encoder.ort.lock
2026-07-16 02:54:10 - DEBUG - Attempting to acquire lock 1552380448496 on C:\Users\Naman\AppData\Local\moonshine_voice\moonshine_voice\Cache\download.moonshine.ai\model\medium-streaming-en\quantized\frontend.ort.lock
2026-07-16 02:54:10 - DEBUG - Lock 1552380448496 acquired on C:\Users\Naman\AppData\Local\moonshine_voice\moonshine_voice\Cache\download.moonshine.ai\model\medium-streaming-en\quantized\frontend.ort.lock
2026-07-16 02:54:10 - DEBUG - Attempting to release lock 1552380448496 on C:\Users\Naman\AppData\Local\moonshine_voice\moonshine_voice\Cache\download.moonshine.ai\model\medium-streaming-en\quantized\frontend.ort.lock
2026-07-16 02:54:10 - DEBUG - Lock 1552380448496 released on C:\Users\Naman\AppData\Local\moonshine_voice\moonshine_voice\Cache\download.moonshine.ai\model\medium-streaming-en\quantized\frontend.ort.lock
2026-07-16 02:54:10 - DEBUG - Attempting to acquire lock 1552380449168 on C:\Users\Naman\AppData\Local\moonshine_voice\moonshine_voice\Cache\download.moonshine.ai\model\medium-streaming-en\quantized\streaming_config.json.lock
2026-07-16 02:54:10 - DEBUG - Lock 1552380449168 acquired on C:\Users\Naman\AppData\Local\moonshine_voice\moonshine_voice\Cache\download.moonshine.ai\model\medium-streaming-en\quantized\streaming_config.json.lock
2026-07-16 02:54:10 - DEBUG - Attempting to release lock 1552380449168 on C:\Users\Naman\AppData\Local\moonshine_voice\moonshine_voice\Cache\download.moonshine.ai\model\medium-streaming-en\quantized\streaming_config.json.lock
2026-07-16 02:54:10 - DEBUG - Lock 1552380449168 released on C:\Users\Naman\AppData\Local\moonshine_voice\moonshine_voice\Cache\download.moonshine.ai\model\medium-streaming-en\quantized\streaming_config.json.lock
2026-07-16 02:54:10 - DEBUG - Attempting to acquire lock 1552380449840 on C:\Users\Naman\AppData\Local\moonshine_voice\moonshine_voice\Cache\download.moonshine.ai\model\medium-streaming-en\quantized\tokenizer.bin.lock
2026-07-16 02:54:10 - DEBUG - Lock 1552380449840 acquired on C:\Users\Naman\AppData\Local\moonshine_voice\moonshine_voice\Cache\download.moonshine.ai\model\medium-streaming-en\quantized\tokenizer.bin.lock
2026-07-16 02:54:10 - DEBUG - Attempting to release lock 1552380449840 on C:\Users\Naman\AppData\Local\moonshine_voice\moonshine_voice\Cache\download.moonshine.ai\model\medium-streaming-en\quantized\tokenizer.bin.lock
2026-07-16 02:54:10 - DEBUG - Lock 1552380449840 released on C:\Users\Naman\AppData\Local\moonshine_voice\moonshine_voice\Cache\download.moonshine.ai\model\medium-streaming-en\quantized\tokenizer.bin.lock
2026-07-16 02:54:10 - DEBUG - Attempting to acquire lock 1552380450560 on C:\Users\Naman\AppData\Local\moonshine_voice\moonshine_voice\Cache\download.moonshine.ai\model\medium-streaming-en\quantized\decoder_kv_with_attention.ort.lock
2026-07-16 02:54:10 - DEBUG - Lock 1552380450560 acquired on C:\Users\Naman\AppData\Local\moonshine_voice\moonshine_voice\Cache\download.moonshine.ai\model\medium-streaming-en\quantized\decoder_kv_with_attention.ort.lock
2026-07-16 02:54:10 - DEBUG - Attempting to release lock 1552380450560 on C:\Users\Naman\AppData\Local\moonshine_voice\moonshine_voice\Cache\download.moonshine.ai\model\medium-streaming-en\quantized\decoder_kv_with_attention.ort.lock
2026-07-16 02:54:10 - DEBUG - Lock 1552380450560 released on C:\Users\Naman\AppData\Local\moonshine_voice\moonshine_voice\Cache\download.moonshine.ai\model\medium-streaming-en\quantized\decoder_kv_with_attention.ort.lock
2026-07-16 02:54:10 - DEBUG - Attempting to acquire lock 1552380452000 on C:\Users\Naman\AppData\Local\moonshine_voice\moonshine_voice\Cache\download.moonshine.ai\model\spelling-en\spelling_cnn.ort.lock
2026-07-16 02:54:10 - DEBUG - Lock 1552380452000 acquired on C:\Users\Naman\AppData\Local\moonshine_voice\moonshine_voice\Cache\download.moonshine.ai\model\spelling-en\spelling_cnn.ort.lock
2026-07-16 02:54:10 - DEBUG - Attempting to release lock 1552380452000 on C:\Users\Naman\AppData\Local\moonshine_voice\moonshine_voice\Cache\download.moonshine.ai\model\spelling-en\spelling_cnn.ort.lock
2026-07-16 02:54:10 - DEBUG - Lock 1552380452000 released on C:\Users\Naman\AppData\Local\moonshine_voice\moonshine_voice\Cache\download.moonshine.ai\model\spelling-en\spelling_cnn.ort.lock
2026-07-16 02:54:10 - DEBUG - Attempting to acquire lock 1551861929632 on C:\Users\Naman\AppData\Local\moonshine_voice\moonshine_voice\Cache\download.moonshine.ai\model\spelling-en\spelling_cnn_meta.json.lock
2026-07-16 02:54:10 - DEBUG - Lock 1551861929632 acquired on C:\Users\Naman\AppData\Local\moonshine_voice\moonshine_voice\Cache\download.moonshine.ai\model\spelling-en\spelling_cnn_meta.json.lock
2026-07-16 02:54:10 - DEBUG - Attempting to release lock 1551861929632 on C:\Users\Naman\AppData\Local\moonshine_voice\moonshine_voice\Cache\download.moonshine.ai\model\spelling-en\spelling_cnn_meta.json.lock
2026-07-16 02:54:10 - DEBUG - Lock 1551861929632 released on C:\Users\Naman\AppData\Local\moonshine_voice\moonshine_voice\Cache\download.moonshine.ai\model\spelling-en\spelling_cnn_meta.json.lock
2026-07-16 02:54:15 - DEBUG - Text: Hey how are you
